---
source: src/lib.rs
expression: "&*module.as_operation()"
---
module {
}

