---
source: melior/src/dialect/memref.rs
expression: module.as_operation()
---
module {
  memref.global @foo : memref<index> = uninitialized
}

