---
source: melior/src/dialect/memref.rs
expression: module.as_operation()
---
module {
  func.func @foo() {
    %alloca = memref.alloca() : memref<index>
    %idx42 = index.constant 42
    memref.store %idx42, %alloca[] : memref<index>
    return
  }
}

