---
source: melior/src/dialect/scf.rs
expression: module.as_operation()
---
module {
  func.func @foo() {
    %false = arith.constant false
    scf.if %false {
    }
    return
  }
}

