---
source: melior/src/dialect/func.rs
expression: module.as_operation()
---
module {
  func.func @foo() {
    call @foo() : () -> ()
    return
  }
}

