---
source: melior/src/dialect/func.rs
expression: module.as_operation()
---
module {
  func.func @foo(%arg0: index) -> index {
    return %arg0 : index
  }
}

