---
source: melior/src/dialect/memref.rs
expression: module.as_operation()
---
module {
  func.func @foo() {
    %alloc = memref.alloc() : memref<index>
    memref.dealloc %alloc : memref<index>
    return
  }
}

