---
source: melior/src/dialect/index.rs
expression: module.as_operation()
---
module {
  func.func @foo(%arg0: index, %arg1: index) -> i1 {
    %0 = index.cmp eq(%arg0, %arg1)
    return %0 : i1
  }
}

