---
source: melior/src/dialect/arith.rs
expression: module.as_operation()
---
module {
  func.func @foo(%arg0: i64) -> f64 {
    %0 = arith.bitcast %arg0 : i64 to f64
    return %0 : f64
  }
}

