---
source: melior/src/dialect/scf.rs
expression: module.as_operation()
---
module {
  func.func @foo() {
    %c0 = arith.constant 0 : index
    %c8 = arith.constant 8 : index
    %c1 = arith.constant 1 : index
    scf.for %arg0 = %c0 to %c8 step %c1 {
    }
    return
  }
}

