---
source: melior/src/dialect/memref.rs
expression: module.as_operation()
---
module {
  memref.global @foo : memref<index> = uninitialized
  func.func @bar() {
    %0 = memref.get_global @foo : memref<index>
    return
  }
}

