---
source: melior/src/dialect/memref.rs
expression: module.as_operation()
---
module {
  func.func @foo() {
    %alloca = memref.alloca() : memref<index>
    %0 = memref.load %alloca[] : memref<index>
    return
  }
}

